<--- Last few GCs 
--->

[9736:000001C22ECD500
0]     1416 ms: 
Scavenge (during 
sweeping) 217.1 
(283.2) -> 187.6 
(301.3) MB, pooled: 
0.0 MB, 18.76 / 0.00 
ms (average mu = 
0.992, current mu = 
0.992) allocation 
failure; 
[9736:000001C22ECD500
0]     1500 ms: 
Mark-Compact 204.9 
(303.9) -> 187.0 
(304.4) MB, pooled: 
1.0 MB, 17.45 / 0.00 
ms (+ 0.4 ms in 99 
steps since start of 
marking, biggest 
step 0.0 ms, 
walltime since start 
of marking 51 ms) 
(average mu = 0.987, 
current mu 
FATAL ERROR: Zone 
Allocation failed - 
process out of memory
----- Native stack 
trace -----


<--- Last few GCs 
--->

[9736:000001C22ECD500
0]     1416 ms: 
Scavenge (during 
sweeping) 217.1 
(283.2) -> 187.6 
(301.3) MB, pooled: 
0.0 MB, 18.76 / 0.00 
ms (average mu = 
0.992, current mu = 
0.992) allocation 
failure; 
[9736:000001C22ECD500
0]     1500 ms: 
Mark-Compact 204.9 
(303.9) -> 187.0 
(304.4) MB, pooled: 
1.0 MB, 17.45 / 0.00 
ms (+ 0.4 ms in 99 
steps since start of 
marking, biggest 
step 0.0 ms, 
walltime since start 
of marking 51 ms) 
(average mu = 0.987, 
current mu 
FATAL ERROR: Zone 
Allocation failed - 
process out of memory
----- Native stack 
trace -----

 1: 00007FF728D7B106 
 2: 00007FF729919C67 
 3: 00007FF7292D8303 
 4: 00007FF7290E52F6 
 5: 00007FF7290DFCAF 
 6: 00007FF7290F7824 
 7: 00007FF7290F7485 
 8: 00007FF729150634 
 9: 00007FF72915025F 
10: 00007FF72914DFFB 
11: 00007FF729112C32 
12: 00007FF7291230C2 
13: 00007FF729154B2B 
14: 00007FF7291AD84E 
15: 00007FF7291AB8D7 
16: 00007FF7298A74BF 
17: 00007FF7291AD282 
18: 00007FF72A116B3F 
19: 00007FF728CC9D2E 
20: 00007FF7299708B6 
21: 00007FF72AD1B363 
22: 00007FF8EE98E8D7 
23: 00007FF8EFFAC53C 
