src/pages/admin/EditKategori.tsx(7,11): error TS6196: 'Category' is declared but never used.
src/pages/admin/EditKategori.tsx(17,12): error TS6133: 'saving' is declared but its value is never read.
src/pages/admin/TambahKategori.tsx(9,12): error TS6133: 'saving' is declared but its value is never read.
src/pages/admin/TambahProduk.tsx(75,27): error TS2345: Argument of type 'Category[]' is not assignable to parameter of type 'SetStateAction<Category[]>'.
  Type 'import("D:/projek2/Smart-System-Academia/src/services/categoryService").Category[]' is not assignable to type 'Category[]'.
    Property 'date' is missing in type 'import("D:/projek2/Smart-System-Academia/src/services/categoryService").Category' but required in type 'Category'.
src/pages/admin/TambahProduk.tsx(311,11): error TS6133: 'selectedCategory' is declared but its value is never read.
src/pages/user/MinimarketPayment.tsx(15,34): error TS6133: 'phone' is declared but its value is never read.
src/pages/user/PaymentFailed.tsx(1,8): error TS6133: 'React' is declared but its value is never read.
src/pages/user/PaymentFailed.tsx(46,31): error TS7006: Parameter 'methodId' implicitly has an 'any' type.
src/services/index.ts(4,10): error TS2305: Module '"./transactionService"' has no exported member 'default'.
src/services/index.ts(10,15): error TS2305: Module '"./transactionService"' has no exported member 'TransactionDetail'.
